2026-04-16 12:29:24 [info] [ClaudeSSHManager] Initialized with version <blob>
2026-04-16 12:35:29 [info] [ClaudeSSHManager] Initialized with version <blob>
2026-04-16 14:24:49 [info] [ClaudeSSHManager] Initialized with version <blob>
2026-04-16 14:25:15 [info] [ClaudeSSHManager] Initialized with version <blob>
2026-04-17 15:51:53 [info] [ClaudeSSHManager] Initialized with version <blob>
2026-04-17 15:53:09 [info] [ClaudeSSHManager] Initialized with version <blob>
2026-04-17 16:30:50 [info] [remote] powerMonitor resume; probing SSH controllers
2026-04-17 16:30:52 [info] [remote] powerMonitor unlock-screen; probing SSH controllers
2026-04-17 18:35:25 [info] [remote] powerMonitor resume; probing SSH controllers
2026-04-17 18:35:27 [info] [remote] powerMonitor unlock-screen; probing SSH controllers
2026-04-17 20:59:25 [info] [remote] powerMonitor resume; probing SSH controllers
2026-04-17 20:59:27 [info] [remote] powerMonitor unlock-screen; probing SSH controllers
2026-04-18 13:48:04 [info] [ClaudeSSHManager] Initialized with version <blob>
2026-04-18 16:35:27 [info] [remote] powerMonitor unlock-screen; probing SSH controllers
2026-04-18 16:35:31 [info] [remote] powerMonitor unlock-screen; probing SSH controllers
2026-04-18 19:02:12 [info] [remote] powerMonitor resume; probing SSH controllers
2026-04-18 19:02:13 [info] [remote] powerMonitor unlock-screen; probing SSH controllers
2026-04-18 19:24:09 [info] [remote] powerMonitor resume; probing SSH controllers
2026-04-18 19:24:12 [info] [remote] powerMonitor unlock-screen; probing SSH controllers
2026-04-18 23:08:46 [info] [remote] powerMonitor resume; probing SSH controllers
2026-04-18 23:08:48 [info] [remote] powerMonitor unlock-screen; probing SSH controllers
2026-04-18 23:12:26 [info] [remote] powerMonitor unlock-screen; probing SSH controllers
2026-04-19 20:48:42 [info] [ClaudeSSHManager] Initialized with version <blob>
2026-04-19 20:55:40 [info] [remote] powerMonitor unlock-screen; probing SSH controllers
2026-04-19 23:22:25 [info] [ClaudeSSHManager] Initialized with version <blob>
2026-04-20 15:18:45 [info] [ClaudeSSHManager] Initialized with version <blob>
2026-04-20 15:36:48 [info] [remote] powerMonitor unlock-screen; probing SSH controllers
2026-04-20 23:06:50 [info] [remote] powerMonitor resume; probing SSH controllers
2026-04-20 23:06:52 [info] [remote] powerMonitor unlock-screen; probing SSH controllers
2026-04-20 23:07:19 [info] [ClaudeSSHManager] Initialized with version <blob>
2026-04-20 23:21:16 [info] [ClaudeSSHManager] Initialized with version <blob>
2026-04-21 09:45:41 [info] [ClaudeSSHManager] Initialized with version <blob>
2026-04-21 10:10:19 [info] [remote] powerMonitor unlock-screen; probing SSH controllers
2026-04-21 10:47:57 [info] [ClaudeSSHManager] Initialized with version <blob>
2026-04-21 11:39:57 [info] [remote] powerMonitor unlock-screen; probing SSH controllers
2026-04-21 12:18:30 [info] [remote] powerMonitor unlock-screen; probing SSH controllers
2026-04-21 12:39:58 [info] [remote] powerMonitor unlock-screen; probing SSH controllers
2026-04-21 12:49:48 [info] [ClaudeSSHManager] Initialized with version <blob>
2026-04-21 14:23:05 [info] [remote] powerMonitor unlock-screen; probing SSH controllers
2026-04-21 15:30:08 [info] [remote] powerMonitor unlock-screen; probing SSH controllers
2026-04-21 16:26:28 [info] [remote] powerMonitor unlock-screen; probing SSH controllers
2026-04-21 17:35:22 [info] [remote] powerMonitor unlock-screen; probing SSH controllers
2026-04-21 18:14:35 [info] [remote] powerMonitor unlock-screen; probing SSH controllers
2026-04-21 18:14:35 [info] [remote] powerMonitor unlock-screen; probing SSH controllers
2026-04-21 18:28:46 [info] [remote] powerMonitor unlock-screen; probing SSH controllers
2026-04-21 19:00:20 [info] [remote] powerMonitor unlock-screen; probing SSH controllers
2026-04-21 19:13:25 [info] [remote] powerMonitor unlock-screen; probing SSH controllers
2026-04-21 19:48:22 [info] [ClaudeSSHManager] Initialized with version <blob>
2026-04-21 19:52:17 [info] [remote] powerMonitor:unlock-screen; probing SSH controllers
2026-04-21 19:59:20 [info] [remote] powerMonitor:unlock-screen; probing SSH controllers
2026-04-21 20:13:12 [info] [remote] powerMonitor:unlock-screen; probing SSH controllers
2026-04-21 20:24:57 [info] [remote] powerMonitor:unlock-screen; probing SSH controllers
2026-04-21 20:29:39 [info] [remote] powerMonitor:unlock-screen; probing SSH controllers
2026-04-21 20:33:15 [info] [remote] powerMonitor:unlock-screen; probing SSH controllers
2026-04-21 20:37:14 [info] [remote] network-interface change detected; probing SSH controllers
2026-04-21 20:37:17 [info] [remote] network-interface change detected; probing SSH controllers
2026-04-21 20:39:59 [info] [remote] network-interface change detected; probing SSH controllers
2026-04-21 20:40:17 [info] [remote] powerMonitor:unlock-screen; probing SSH controllers
2026-04-21 20:47:33 [info] [remote] powerMonitor:unlock-screen; probing SSH controllers
2026-04-21 21:26:52 [info] [remote] powerMonitor:unlock-screen; probing SSH controllers
2026-04-21 21:33:49 [info] [remote] network-interface change detected; probing SSH controllers
2026-04-21 22:00:57 [info] [remote] powerMonitor:unlock-screen; probing SSH controllers
2026-04-22 07:18:41 [info] [ClaudeSSHManager] Initialized with version <blob>
2026-04-22 07:24:54 [info] [remote] powerMonitor:unlock-screen; probing SSH controllers
2026-04-22 07:30:14 [info] [remote] powerMonitor:unlock-screen; probing SSH controllers
2026-04-22 07:47:05 [info] [remote] network-interface change detected; probing SSH controllers
2026-04-22 07:58:11 [info] [remote] powerMonitor:unlock-screen; probing SSH controllers
2026-04-22 07:59:28 [info] [remote] network-interface change detected; probing SSH controllers
2026-04-22 08:01:38 [info] [remote] powerMonitor:unlock-screen; probing SSH controllers
2026-04-22 08:01:43 [info] [remote] network-interface change detected; probing SSH controllers
2026-04-22 09:08:55 [info] [remote] network-interface change detected; probing SSH controllers
2026-04-22 09:20:07 [info] [remote] powerMonitor:unlock-screen; probing SSH controllers
2026-04-22 09:50:05 [info] [remote] network-interface change detected; probing SSH controllers
2026-04-22 09:51:26 [info] [remote] network-interface change detected; probing SSH controllers
2026-04-22 09:51:35 [info] [remote] network-interface change detected; probing SSH controllers
2026-04-22 09:53:23 [info] [remote] network-interface change detected; probing SSH controllers
2026-04-22 09:54:20 [info] [remote] network-interface change detected; probing SSH controllers
2026-04-22 11:03:07 [info] [remote] network-interface change detected; probing SSH controllers
2026-04-22 11:03:20 [info] [remote] powerMonitor:unlock-screen; probing SSH controllers
2026-04-22 11:03:46 [info] [remote] network-interface change detected; probing SSH controllers
2026-04-22 11:53:28 [info] [remote] powerMonitor:unlock-screen; probing SSH controllers
2026-04-22 14:17:19 [info] [remote] powerMonitor:unlock-screen; probing SSH controllers
2026-04-22 15:25:32 [info] [remote] powerMonitor:unlock-screen; probing SSH controllers
2026-04-22 15:37:11 [info] [remote] network-interface change detected; probing SSH controllers
2026-04-22 15:46:30 [info] [remote] network-interface change detected; probing SSH controllers
2026-04-22 15:50:06 [info] [remote] network-interface change detected; probing SSH controllers
2026-04-22 15:58:07 [info] [remote] powerMonitor:unlock-screen; probing SSH controllers
2026-04-22 16:02:54 [info] [remote] network-interface change detected; probing SSH controllers
2026-04-22 16:03:39 [info] [remote] network-interface change detected; probing SSH controllers
2026-04-22 16:17:58 [info] [remote] network-interface change detected; probing SSH controllers
2026-04-22 16:18:25 [info] [remote] network-interface change detected; probing SSH controllers
2026-04-22 17:46:12 [info] [remote] network-interface change detected; probing SSH controllers
2026-04-22 17:50:10 [info] [remote] powerMonitor:unlock-screen; probing SSH controllers
2026-04-22 18:33:49 [info] [remote] powerMonitor:unlock-screen; probing SSH controllers
2026-04-22 19:07:49 [info] [remote] powerMonitor:unlock-screen; probing SSH controllers
2026-04-22 19:07:54 [info] [remote] network-interface change detected; probing SSH controllers
2026-04-22 19:13:28 [info] [remote] powerMonitor:unlock-screen; probing SSH controllers
2026-04-22 19:28:49 [info] [remote] powerMonitor:unlock-screen; probing SSH controllers
2026-04-22 19:28:49 [info] [remote] powerMonitor:unlock-screen; probing SSH controllers
2026-04-22 19:28:54 [info] [remote] network-interface change detected; probing SSH controllers
2026-04-22 19:35:26 [info] [remote] powerMonitor:unlock-screen; probing SSH controllers
2026-04-22 20:19:43 [info] [remote] powerMonitor:unlock-screen; probing SSH controllers
2026-04-22 21:40:09 [info] [remote] powerMonitor:unlock-screen; probing SSH controllers
2026-04-22 21:50:00 [info] [remote] powerMonitor:unlock-screen; probing SSH controllers
2026-04-22 21:50:04 [info] [remote] network-interface change detected; probing SSH controllers
2026-04-23 08:03:35 [info] [ClaudeSSHManager] Initialized with version <blob>
2026-04-23 08:04:14 [info] [remote] network-interface change detected; probing SSH controllers
2026-04-23 08:19:21 [info] [remote] network-interface change detected; probing SSH controllers
2026-04-23 08:32:03 [info] [remote] network-interface change detected; probing SSH controllers
2026-04-23 09:01:52 [info] [remote] powerMonitor:unlock-screen; probing SSH controllers
2026-04-23 09:41:30 [info] [remote] powerMonitor:unlock-screen; probing SSH controllers
2026-04-23 10:08:15 [info] [remote] network-interface change detected; probing SSH controllers
2026-04-23 10:44:29 [info] [remote] powerMonitor:unlock-screen; probing SSH controllers
2026-04-23 11:01:51 [info] [remote] powerMonitor:unlock-screen; probing SSH controllers
2026-04-23 11:27:35 [info] [remote] powerMonitor:unlock-screen; probing SSH controllers
2026-04-23 12:06:00 [info] [remote] powerMonitor:unlock-screen; probing SSH controllers
2026-04-23 12:31:06 [info] [remote] network-interface change detected; probing SSH controllers
2026-04-23 12:35:48 [info] [remote] network-interface change detected; probing SSH controllers
2026-04-23 12:38:18 [info] [remote] network-interface change detected; probing SSH controllers
2026-04-23 12:44:28 [info] [remote] network-interface change detected; probing SSH controllers
2026-04-23 12:56:55 [info] [remote] network-interface change detected; probing SSH controllers
2026-04-23 13:11:59 [info] [remote] powerMonitor:unlock-screen; probing SSH controllers
2026-04-23 13:16:56 [info] [remote] network-interface change detected; probing SSH controllers
2026-04-23 15:20:53 [info] [remote] powerMonitor:unlock-screen; probing SSH controllers
2026-04-23 15:37:32 [info] [remote] network-interface change detected; probing SSH controllers
2026-04-23 17:46:37 [info] [remote] powerMonitor:unlock-screen; probing SSH controllers
2026-04-23 17:46:42 [info] [remote] network-interface change detected; probing SSH controllers
2026-04-23 18:03:51 [info] [remote] network-interface change detected; probing SSH controllers
2026-04-23 18:16:45 [info] [remote] network-interface change detected; probing SSH controllers
2026-04-23 18:27:03 [info] [remote] network-interface change detected; probing SSH controllers
2026-04-23 19:03:29 [info] [remote] network-interface change detected; probing SSH controllers
2026-04-23 19:04:21 [info] [remote] powerMonitor:unlock-screen; probing SSH controllers
2026-04-23 19:13:50 [info] [remote] network-interface change detected; probing SSH controllers
2026-04-23 19:44:19 [info] [remote] powerMonitor:unlock-screen; probing SSH controllers
2026-04-23 19:53:27 [info] [remote] powerMonitor:unlock-screen; probing SSH controllers
2026-04-23 20:20:50 [info] [remote] powerMonitor:unlock-screen; probing SSH controllers
2026-04-23 20:34:08 [info] [remote] powerMonitor:unlock-screen; probing SSH controllers
2026-04-23 21:27:38 [info] [remote] powerMonitor:unlock-screen; probing SSH controllers
2026-04-23 21:27:46 [info] [remote] powerMonitor:unlock-screen; probing SSH controllers
2026-04-23 21:27:50 [info] [remote] powerMonitor:unlock-screen; probing SSH controllers
2026-04-23 21:27:59 [info] [remote] powerMonitor:unlock-screen; probing SSH controllers
2026-04-23 21:38:39 [info] [remote] powerMonitor:unlock-screen; probing SSH controllers
2026-04-23 21:46:02 [info] [remote] powerMonitor:unlock-screen; probing SSH controllers
2026-04-23 21:49:32 [info] [remote] powerMonitor:unlock-screen; probing SSH controllers
2026-04-23 21:54:21 [info] [remote] powerMonitor:unlock-screen; probing SSH controllers
2026-04-23 22:00:05 [info] [remote] powerMonitor:unlock-screen; probing SSH controllers
2026-04-23 22:02:27 [info] [remote] network-interface change detected; probing SSH controllers
2026-04-23 22:02:30 [info] [remote] network-interface change detected; probing SSH controllers
2026-04-23 22:02:33 [info] [remote] network-interface change detected; probing SSH controllers
2026-04-23 22:08:22 [info] [remote] powerMonitor:unlock-screen; probing SSH controllers
2026-04-23 22:16:58 [info] [remote] powerMonitor:unlock-screen; probing SSH controllers
2026-04-23 22:19:52 [info] [remote] network-interface change detected; probing SSH controllers
2026-04-23 22:19:55 [info] [remote] network-interface change detected; probing SSH controllers
2026-04-23 22:19:58 [info] [remote] network-interface change detected; probing SSH controllers
2026-04-23 22:20:01 [info] [remote] network-interface change detected; probing SSH controllers
2026-04-23 22:22:09 [info] [remote] powerMonitor:unlock-screen; probing SSH controllers
2026-04-23 22:32:10 [info] [remote] powerMonitor:unlock-screen; probing SSH controllers
2026-04-23 23:00:46 [info] [ClaudeSSHManager] Initialized with version <blob>
2026-04-23 23:11:26 [info] [remote] powerMonitor:unlock-screen; probing SSH controllers
2026-04-23 23:14:46 [info] [remote] powerMonitor:unlock-screen; probing SSH controllers
2026-04-23 23:35:21 [info] [remote] powerMonitor:unlock-screen; probing SSH controllers
2026-04-23 23:42:15 [info] [remote] network-interface change detected; probing SSH controllers
2026-04-24 06:19:45 [info] [remote] powerMonitor:resume; probing SSH controllers
2026-04-24 06:19:48 [info] [remote] network-interface change detected; probing SSH controllers
2026-04-24 06:19:48 [info] [remote] powerMonitor:unlock-screen; probing SSH controllers
2026-04-24 06:19:57 [info] [remote] network-interface change detected; probing SSH controllers
2026-04-24 06:30:57 [info] [remote] network-interface change detected; probing SSH controllers
2026-04-24 06:33:57 [info] [remote] network-interface change detected; probing SSH controllers
2026-04-24 06:34:33 [info] [remote] network-interface change detected; probing SSH controllers
2026-04-24 06:35:18 [info] [remote] network-interface change detected; probing SSH controllers
2026-04-24 06:35:52 [info] [remote] network-interface change detected; probing SSH controllers
2026-04-24 06:37:40 [info] [remote] network-interface change detected; probing SSH controllers
2026-04-24 06:38:22 [info] [remote] network-interface change detected; probing SSH controllers
2026-04-24 06:40:16 [info] [remote] network-interface change detected; probing SSH controllers
2026-04-24 06:41:40 [info] [remote] network-interface change detected; probing SSH controllers
2026-04-24 06:42:58 [info] [remote] network-interface change detected; probing SSH controllers
2026-04-24 06:43:46 [info] [remote] network-interface change detected; probing SSH controllers
2026-04-24 06:45:43 [info] [remote] network-interface change detected; probing SSH controllers
2026-04-24 06:46:46 [info] [remote] network-interface change detected; probing SSH controllers
2026-04-24 06:47:43 [info] [remote] network-interface change detected; probing SSH controllers
2026-04-24 06:49:01 [info] [remote] network-interface change detected; probing SSH controllers
2026-04-24 06:50:01 [info] [remote] network-interface change detected; probing SSH controllers
2026-04-24 06:51:04 [info] [remote] network-interface change detected; probing SSH controllers
2026-04-24 06:52:16 [info] [remote] network-interface change detected; probing SSH controllers
2026-04-24 06:53:34 [info] [remote] network-interface change detected; probing SSH controllers
2026-04-24 06:54:37 [info] [remote] network-interface change detected; probing SSH controllers
2026-04-24 06:55:31 [info] [remote] network-interface change detected; probing SSH controllers
2026-04-24 06:56:13 [info] [remote] network-interface change detected; probing SSH controllers
2026-04-24 06:57:13 [info] [remote] network-interface change detected; probing SSH controllers
2026-04-24 06:58:46 [info] [remote] network-interface change detected; probing SSH controllers
2026-04-24 07:00:28 [info] [remote] network-interface change detected; probing SSH controllers
2026-04-24 07:00:49 [info] [remote] powerMonitor:unlock-screen; probing SSH controllers
2026-04-24 07:05:17 [info] [remote] network-interface change detected; probing SSH controllers
2026-04-24 07:05:29 [info] [remote] network-interface change detected; probing SSH controllers
2026-04-24 07:12:56 [info] [remote] network-interface change detected; probing SSH controllers
2026-04-24 07:14:01 [info] [remote] powerMonitor:unlock-screen; probing SSH controllers
2026-04-24 07:18:28 [info] [remote] powerMonitor:unlock-screen; probing SSH controllers
2026-04-24 07:24:51 [info] [remote] powerMonitor:unlock-screen; probing SSH controllers
2026-04-24 07:29:42 [info] [remote] powerMonitor:unlock-screen; probing SSH controllers
2026-04-24 07:59:28 [info] [remote] powerMonitor:unlock-screen; probing SSH controllers
2026-04-24 08:22:24 [info] [remote] network-interface change detected; probing SSH controllers
2026-04-24 09:44:48 [info] [remote] powerMonitor:unlock-screen; probing SSH controllers
2026-04-24 09:53:11 [info] [remote] network-interface change detected; probing SSH controllers
2026-04-24 09:53:20 [info] [remote] network-interface change detected; probing SSH controllers
2026-04-24 09:54:14 [info] [remote] network-interface change detected; probing SSH controllers
2026-04-24 09:56:23 [info] [remote] network-interface change detected; probing SSH controllers
2026-04-24 09:57:59 [info] [remote] network-interface change detected; probing SSH controllers
2026-04-24 10:11:57 [info] [remote] network-interface change detected; probing SSH controllers
2026-04-24 10:13:03 [info] [remote] network-interface change detected; probing SSH controllers
2026-04-24 10:13:06 [info] [remote] powerMonitor:unlock-screen; probing SSH controllers
2026-04-24 10:13:39 [info] [remote] network-interface change detected; probing SSH controllers
2026-04-24 10:20:51 [info] [remote] network-interface change detected; probing SSH controllers
2026-04-24 10:21:24 [info] [remote] network-interface change detected; probing SSH controllers
2026-04-24 10:23:06 [info] [remote] network-interface change detected; probing SSH controllers
2026-04-24 10:24:03 [info] [remote] network-interface change detected; probing SSH controllers
2026-04-24 10:24:12 [info] [remote] network-interface change detected; probing SSH controllers
2026-04-24 10:38:01 [info] [remote] network-interface change detected; probing SSH controllers
2026-04-24 10:38:37 [info] [remote] network-interface change detected; probing SSH controllers
2026-04-24 10:39:16 [info] [remote] network-interface change detected; probing SSH controllers
2026-04-24 10:40:16 [info] [remote] network-interface change detected; probing SSH controllers
2026-04-24 10:40:55 [info] [remote] network-interface change detected; probing SSH controllers
2026-04-24 10:59:16 [info] [remote] network-interface change detected; probing SSH controllers
2026-04-24 10:59:49 [info] [remote] network-interface change detected; probing SSH controllers
2026-04-24 11:27:48 [info] [remote] powerMonitor:unlock-screen; probing SSH controllers
2026-04-24 12:35:13 [info] [remote] powerMonitor:unlock-screen; probing SSH controllers
2026-04-24 12:52:31 [info] [remote] network-interface change detected; probing SSH controllers
2026-04-24 14:48:38 [info] [remote] powerMonitor:unlock-screen; probing SSH controllers
2026-04-24 16:44:40 [info] [remote] powerMonitor:unlock-screen; probing SSH controllers
2026-04-24 17:28:52 [info] [remote] powerMonitor:unlock-screen; probing SSH controllers
2026-04-24 17:37:22 [info] [remote] network-interface change detected; probing SSH controllers
2026-04-24 17:37:25 [info] [remote] network-interface change detected; probing SSH controllers
2026-04-24 20:14:28 [info] [remote] powerMonitor:unlock-screen; probing SSH controllers
2026-04-24 20:17:21 [info] [remote] network-interface change detected; probing SSH controllers
2026-04-24 20:25:28 [info] [remote] network-interface change detected; probing SSH controllers
2026-04-24 20:27:39 [info] [remote] powerMonitor:unlock-screen; probing SSH controllers
2026-04-24 21:01:34 [info] [remote] powerMonitor:unlock-screen; probing SSH controllers
2026-04-24 22:35:20 [info] [ClaudeSSHManager] Initialized with version <blob>
2026-04-24 22:39:03 [info] [remote] network-interface change detected; probing SSH controllers
2026-04-24 22:39:06 [info] [remote] network-interface change detected; probing SSH controllers
2026-04-24 22:43:37 [info] [remote] powerMonitor:unlock-screen; probing SSH controllers
2026-04-24 22:53:10 [info] [ClaudeSSHManager] Initialized with version <blob>
2026-04-24 23:02:32 [info] [remote] network-interface change detected; probing SSH controllers
2026-04-24 23:10:29 [info] [remote] network-interface change detected; probing SSH controllers
2026-04-24 23:12:11 [info] [remote] powerMonitor:unlock-screen; probing SSH controllers
2026-04-24 23:12:14 [info] [remote] network-interface change detected; probing SSH controllers
2026-04-24 23:22:05 [info] [remote] network-interface change detected; probing SSH controllers
2026-04-24 23:23:09 [info] [remote] network-interface change detected; probing SSH controllers
2026-04-24 23:23:12 [info] [remote] network-interface change detected; probing SSH controllers
2026-04-24 23:23:48 [info] [remote] network-interface change detected; probing SSH controllers
2026-04-24 23:24:53 [info] [remote] powerMonitor:unlock-screen; probing SSH controllers
2026-04-24 23:43:09 [info] [remote] network-interface change detected; probing SSH controllers
2026-04-25 00:33:08 [info] [remote] powerMonitor:unlock-screen; probing SSH controllers
2026-04-25 07:35:44 [info] [remote] powerMonitor:unlock-screen; probing SSH controllers
2026-04-25 11:10:37 [info] [remote] network-interface change detected; probing SSH controllers
2026-04-25 12:20:29 [info] [remote] network-interface change detected; probing SSH controllers
2026-04-25 12:20:53 [info] [remote] network-interface change detected; probing SSH controllers
2026-04-25 12:20:56 [info] [remote] network-interface change detected; probing SSH controllers
2026-04-25 12:31:48 [info] [remote] network-interface change detected; probing SSH controllers
2026-04-25 15:14:34 [info] [remote] powerMonitor:resume; probing SSH controllers
2026-04-25 15:14:36 [info] [remote] powerMonitor:unlock-screen; probing SSH controllers
2026-04-25 15:14:37 [info] [remote] network-interface change detected; probing SSH controllers
2026-04-25 15:14:40 [info] [remote] network-interface change detected; probing SSH controllers
2026-04-25 15:15:06 [info] [ClaudeSSHManager] Initialized with version <blob>
2026-04-25 15:34:18 [info] [remote] network-interface change detected; probing SSH controllers
2026-04-25 15:57:45 [info] [remote] powerMonitor:unlock-screen; probing SSH controllers
2026-04-25 16:30:02 [info] [remote] network-interface change detected; probing SSH controllers
2026-04-25 16:47:53 [info] [remote] network-interface change detected; probing SSH controllers
2026-04-25 17:08:01 [info] [remote] powerMonitor:unlock-screen; probing SSH controllers
2026-04-25 18:37:10 [info] [ClaudeSSHManager] Initialized with version <blob>
2026-04-25 18:37:13 [info] [remote] network-interface change detected; probing SSH controllers
2026-04-25 18:37:16 [info] [remote] network-interface change detected; probing SSH controllers
2026-04-25 18:37:28 [info] [remote] network-interface change detected; probing SSH controllers
2026-04-25 18:37:37 [info] [remote] network-interface change detected; probing SSH controllers
2026-04-25 18:42:14 [info] [remote] network-interface change detected; probing SSH controllers
2026-04-25 19:04:02 [info] [remote] network-interface change detected; probing SSH controllers
2026-04-25 19:04:05 [info] [remote] network-interface change detected; probing SSH controllers
2026-04-25 19:04:27 [info] [remote] powerMonitor:unlock-screen; probing SSH controllers
2026-04-25 19:08:08 [info] [remote] powerMonitor:unlock-screen; probing SSH controllers
2026-04-25 19:13:57 [info] [remote] powerMonitor:unlock-screen; probing SSH controllers
2026-04-25 19:25:33 [info] [remote] powerMonitor:unlock-screen; probing SSH controllers
2026-04-25 19:32:21 [info] [remote] powerMonitor:unlock-screen; probing SSH controllers
2026-04-25 19:35:58 [info] [remote] powerMonitor:unlock-screen; probing SSH controllers
2026-04-25 19:35:58 [info] [remote] powerMonitor:unlock-screen; probing SSH controllers
2026-04-25 19:36:03 [info] [remote] network-interface change detected; probing SSH controllers
2026-04-25 20:21:07 [info] [remote] network-interface change detected; probing SSH controllers
2026-04-25 20:22:51 [info] [remote] network-interface change detected; probing SSH controllers
2026-04-25 20:27:42 [info] [remote] powerMonitor:resume; probing SSH controllers
2026-04-25 20:27:44 [info] [remote] powerMonitor:unlock-screen; probing SSH controllers
2026-04-25 20:27:45 [info] [remote] network-interface change detected; probing SSH controllers
2026-04-25 20:27:51 [info] [remote] network-interface change detected; probing SSH controllers
2026-04-25 20:27:57 [info] [remote] network-interface change detected; probing SSH controllers
2026-04-25 20:28:00 [info] [remote] network-interface change detected; probing SSH controllers
2026-04-25 20:28:06 [info] [remote] network-interface change detected; probing SSH controllers
2026-04-25 21:02:57 [info] [ClaudeSSHManager] Initialized with version <blob>
2026-04-25 21:10:18 [info] [remote] network-interface change detected; probing SSH controllers
2026-04-26 11:34:19 [info] [ClaudeSSHManager] Initialized with version <blob>
2026-04-26 11:46:47 [info] [remote] powerMonitor:unlock-screen; probing SSH controllers
2026-04-26 11:47:56 [info] [remote] network-interface change detected; probing SSH controllers
2026-04-26 12:07:06 [info] [remote] network-interface change detected; probing SSH controllers
2026-04-26 12:49:12 [info] [remote] powerMonitor:resume; probing SSH controllers
2026-04-26 12:49:13 [info] [remote] network-interface change detected; probing SSH controllers
2026-04-26 12:49:15 [info] [remote] powerMonitor:unlock-screen; probing SSH controllers
2026-04-26 12:49:19 [info] [remote] network-interface change detected; probing SSH controllers
2026-04-26 13:06:46 [info] [remote] network-interface change detected; probing SSH controllers
2026-04-26 13:06:49 [info] [remote] network-interface change detected; probing SSH controllers
2026-04-26 13:09:07 [info] [remote] powerMonitor:unlock-screen; probing SSH controllers
2026-04-26 13:16:03 [info] [remote] powerMonitor:unlock-screen; probing SSH controllers
2026-04-26 13:36:28 [info] [remote] powerMonitor:unlock-screen; probing SSH controllers
2026-04-26 13:51:12 [info] [remote] powerMonitor:unlock-screen; probing SSH controllers
2026-04-26 14:23:27 [info] [remote] powerMonitor:unlock-screen; probing SSH controllers
2026-04-26 14:29:08 [info] [remote] powerMonitor:unlock-screen; probing SSH controllers
2026-04-26 15:04:46 [info] [remote] network-interface change detected; probing SSH controllers
2026-04-26 15:10:44 [info] [remote] powerMonitor:unlock-screen; probing SSH controllers
2026-04-26 15:16:49 [info] [remote] network-interface change detected; probing SSH controllers
2026-04-26 15:22:53 [info] [remote] network-interface change detected; probing SSH controllers
2026-04-26 15:25:59 [info] [remote] network-interface change detected; probing SSH controllers
2026-04-26 15:26:05 [info] [remote] network-interface change detected; probing SSH controllers
2026-04-26 15:30:40 [info] [remote] powerMonitor:unlock-screen; probing SSH controllers
2026-04-26 15:36:00 [info] [remote] powerMonitor:unlock-screen; probing SSH controllers
2026-04-26 15:43:05 [info] [ClaudeSSHManager] Initialized with version <blob>
2026-04-26 15:46:35 [info] [remote] network-interface change detected; probing SSH controllers
2026-04-26 15:47:26 [info] [remote] network-interface change detected; probing SSH controllers
2026-04-26 17:36:47 [info] [remote] powerMonitor:unlock-screen; probing SSH controllers
2026-04-26 17:46:18 [info] [remote] network-interface change detected; probing SSH controllers
2026-04-26 18:17:46 [info] [remote] network-interface change detected; probing SSH controllers
2026-04-26 18:18:19 [info] [remote] network-interface change detected; probing SSH controllers
2026-04-26 18:23:40 [info] [remote] network-interface change detected; probing SSH controllers
2026-04-26 18:31:08 [info] [remote] network-interface change detected; probing SSH controllers
2026-04-26 18:32:02 [info] [remote] powerMonitor:unlock-screen; probing SSH controllers
2026-04-26 18:32:10 [info] [remote] powerMonitor:unlock-screen; probing SSH controllers
2026-04-26 18:32:23 [info] [remote] network-interface change detected; probing SSH controllers
2026-04-26 18:32:26 [info] [remote] powerMonitor:resume; probing SSH controllers
2026-04-26 18:32:26 [info] [remote] powerMonitor:unlock-screen; probing SSH controllers
2026-04-26 18:32:29 [info] [remote] network-interface change detected; probing SSH controllers
2026-04-26 18:32:32 [info] [remote] network-interface change detected; probing SSH controllers
2026-04-26 18:32:34 [info] [remote] powerMonitor:resume; probing SSH controllers
2026-04-26 18:32:35 [info] [remote] network-interface change detected; probing SSH controllers
2026-04-26 18:32:38 [info] [remote] network-interface change detected; probing SSH controllers
2026-04-26 18:32:39 [info] [remote] powerMonitor:resume; probing SSH controllers
2026-04-26 18:32:41 [info] [remote] network-interface change detected; probing SSH controllers
2026-04-26 18:32:41 [info] [remote] powerMonitor:unlock-screen; probing SSH controllers
2026-04-26 18:47:02 [info] [remote] network-interface change detected; probing SSH controllers
2026-04-26 18:48:08 [info] [remote] network-interface change detected; probing SSH controllers
2026-04-26 18:50:53 [info] [remote] network-interface change detected; probing SSH controllers
2026-04-26 18:56:57 [info] [remote] powerMonitor:unlock-screen; probing SSH controllers
2026-04-26 19:03:47 [info] [remote] network-interface change detected; probing SSH controllers
2026-04-26 19:33:33 [info] [remote] network-interface change detected; probing SSH controllers
2026-04-26 19:35:51 [info] [remote] network-interface change detected; probing SSH controllers
2026-04-26 19:36:06 [info] [remote] network-interface change detected; probing SSH controllers
2026-04-26 19:59:52 [info] [remote] network-interface change detected; probing SSH controllers
2026-04-26 20:01:53 [info] [remote] powerMonitor:unlock-screen; probing SSH controllers
2026-04-26 20:05:58 [info] [remote] powerMonitor:unlock-screen; probing SSH controllers
2026-04-26 20:08:16 [info] [remote] powerMonitor:unlock-screen; probing SSH controllers
2026-04-26 20:10:31 [info] [remote] network-interface change detected; probing SSH controllers
2026-04-26 20:12:55 [info] [remote] network-interface change detected; probing SSH controllers
2026-04-26 20:20:27 [info] [remote] powerMonitor:resume; probing SSH controllers
2026-04-26 20:20:29 [info] [remote] powerMonitor:unlock-screen; probing SSH controllers
2026-04-26 20:20:30 [info] [remote] network-interface change detected; probing SSH controllers
2026-04-26 20:21:12 [info] [remote] network-interface change detected; probing SSH controllers
2026-04-27 08:52:55 [info] [ClaudeSSHManager] Initialized with version <blob>
2026-04-27 08:59:05 [info] [remote] network-interface change detected; probing SSH controllers
2026-04-27 09:38:18 [info] [remote] powerMonitor:unlock-screen; probing SSH controllers
2026-04-27 09:53:30 [info] [remote] network-interface change detected; probing SSH controllers
2026-04-27 10:40:13 [info] [remote] powerMonitor:unlock-screen; probing SSH controllers
2026-04-27 11:41:48 [info] [remote] network-interface change detected; probing SSH controllers
2026-04-27 11:47:03 [info] [remote] network-interface change detected; probing SSH controllers
2026-04-27 11:48:54 [info] [remote] network-interface change detected; probing SSH controllers
2026-04-27 12:07:00 [info] [remote] network-interface change detected; probing SSH controllers
2026-04-27 12:09:51 [info] [remote] network-interface change detected; probing SSH controllers
2026-04-27 12:09:59 [info] [remote] powerMonitor:unlock-screen; probing SSH controllers
2026-04-27 12:10:55 [info] [remote] network-interface change detected; probing SSH controllers
2026-04-27 12:15:40 [info] [remote] network-interface change detected; probing SSH controllers
2026-04-27 12:20:40 [info] [remote] network-interface change detected; probing SSH controllers
2026-04-27 12:26:04 [info] [remote] network-interface change detected; probing SSH controllers
2026-04-27 12:26:49 [info] [remote] network-interface change detected; probing SSH controllers
2026-04-27 12:45:47 [info] [remote] network-interface change detected; probing SSH controllers
2026-04-27 12:46:20 [info] [remote] network-interface change detected; probing SSH controllers
2026-04-27 12:55:18 [info] [remote] powerMonitor:unlock-screen; probing SSH controllers
2026-04-27 13:25:42 [info] [remote] powerMonitor:unlock-screen; probing SSH controllers
2026-04-27 14:21:08 [info] [remote] powerMonitor:unlock-screen; probing SSH controllers
2026-04-27 14:31:04 [info] [remote] network-interface change detected; probing SSH controllers
2026-04-27 14:45:46 [info] [remote] powerMonitor:unlock-screen; probing SSH controllers
2026-04-27 15:55:42 [info] [remote] powerMonitor:unlock-screen; probing SSH controllers
2026-04-27 16:23:43 [info] [remote] network-interface change detected; probing SSH controllers
2026-04-27 16:25:56 [info] [remote] network-interface change detected; probing SSH controllers
2026-04-27 16:28:14 [info] [remote] network-interface change detected; probing SSH controllers
2026-04-27 16:38:08 [info] [remote] network-interface change detected; probing SSH controllers
2026-04-27 17:29:03 [info] [remote] network-interface change detected; probing SSH controllers
2026-04-27 17:31:47 [info] [remote] powerMonitor:unlock-screen; probing SSH controllers
2026-04-27 17:44:01 [info] [remote] network-interface change detected; probing SSH controllers
2026-04-27 18:13:56 [info] [remote] powerMonitor:unlock-screen; probing SSH controllers
2026-04-27 18:31:32 [info] [remote] network-interface change detected; probing SSH controllers
2026-04-27 18:43:34 [info] [remote] powerMonitor:resume; probing SSH controllers
2026-04-27 18:43:34 [info] [remote] network-interface change detected; probing SSH controllers
2026-04-27 18:43:36 [info] [remote] powerMonitor:unlock-screen; probing SSH controllers
2026-04-27 18:43:40 [info] [remote] network-interface change detected; probing SSH controllers
2026-04-27 19:08:17 [info] [remote] network-interface change detected; probing SSH controllers
2026-04-27 19:23:21 [info] [remote] network-interface change detected; probing SSH controllers
2026-04-27 20:07:33 [info] [remote] powerMonitor:unlock-screen; probing SSH controllers
2026-04-27 20:35:38 [info] [remote] network-interface change detected; probing SSH controllers
2026-04-27 20:36:23 [info] [remote] network-interface change detected; probing SSH controllers
2026-04-27 20:49:15 [info] [remote] powerMonitor:unlock-screen; probing SSH controllers
2026-04-27 20:49:20 [info] [remote] network-interface change detected; probing SSH controllers
2026-04-27 20:52:41 [info] [remote] network-interface change detected; probing SSH controllers
2026-04-27 20:55:44 [info] [remote] network-interface change detected; probing SSH controllers
2026-04-27 20:58:20 [info] [remote] network-interface change detected; probing SSH controllers
2026-04-27 21:06:44 [info] [remote] network-interface change detected; probing SSH controllers
2026-04-27 21:08:11 [info] [remote] network-interface change detected; probing SSH controllers
2026-04-27 21:27:09 [info] [remote] network-interface change detected; probing SSH controllers
2026-04-28 09:46:16 [info] [ClaudeSSHManager] Initialized with version <blob>
2026-04-28 10:28:17 [info] [remote] network-interface change detected; probing SSH controllers
2026-04-28 10:28:35 [info] [remote] network-interface change detected; probing SSH controllers
2026-04-28 10:32:15 [info] [remote] network-interface change detected; probing SSH controllers
2026-04-28 11:45:37 [info] [remote] powerMonitor:unlock-screen; probing SSH controllers
2026-04-28 12:37:15 [info] [remote] network-interface change detected; probing SSH controllers
2026-04-28 12:39:21 [info] [remote] network-interface change detected; probing SSH controllers
2026-04-28 12:40:00 [info] [remote] network-interface change detected; probing SSH controllers
2026-04-28 14:01:21 [info] [remote] network-interface change detected; probing SSH controllers
2026-04-28 14:02:34 [info] [remote] powerMonitor:unlock-screen; probing SSH controllers
2026-04-28 14:02:54 [info] [remote] network-interface change detected; probing SSH controllers
2026-04-28 15:53:33 [info] [remote] powerMonitor:unlock-screen; probing SSH controllers
2026-04-28 16:19:14 [info] [remote] powerMonitor:unlock-screen; probing SSH controllers
2026-04-28 17:46:55 [info] [remote] network-interface change detected; probing SSH controllers
2026-04-28 17:49:19 [info] [remote] network-interface change detected; probing SSH controllers
2026-04-28 17:50:49 [info] [remote] powerMonitor:unlock-screen; probing SSH controllers
2026-04-28 17:53:16 [info] [remote] network-interface change detected; probing SSH controllers
2026-04-28 17:53:49 [info] [remote] network-interface change detected; probing SSH controllers
2026-04-28 17:55:28 [info] [remote] network-interface change detected; probing SSH controllers
2026-04-28 17:55:31 [info] [remote] network-interface change detected; probing SSH controllers
2026-04-28 17:55:38 [info] [remote] powerMonitor:unlock-screen; probing SSH controllers
2026-04-28 18:01:10 [info] [remote] network-interface change detected; probing SSH controllers
2026-04-28 18:01:55 [info] [remote] network-interface change detected; probing SSH controllers
2026-04-28 18:02:52 [info] [remote] network-interface change detected; probing SSH controllers
2026-04-28 18:04:58 [info] [remote] network-interface change detected; probing SSH controllers
2026-04-28 18:05:31 [info] [remote] network-interface change detected; probing SSH controllers
2026-04-28 18:08:34 [info] [remote] network-interface change detected; probing SSH controllers
2026-04-28 18:10:58 [info] [remote] network-interface change detected; probing SSH controllers
2026-04-28 18:12:55 [info] [remote] network-interface change detected; probing SSH controllers
2026-04-28 18:14:48 [info] [remote] powerMonitor:unlock-screen; probing SSH controllers
2026-04-28 18:20:47 [info] [remote] network-interface change detected; probing SSH controllers
2026-04-28 18:23:20 [info] [remote] powerMonitor:unlock-screen; probing SSH controllers
2026-04-28 18:28:08 [info] [remote] network-interface change detected; probing SSH controllers
2026-04-28 18:28:11 [info] [remote] network-interface change detected; probing SSH controllers
2026-04-28 18:28:14 [info] [remote] network-interface change detected; probing SSH controllers
2026-04-28 18:28:17 [info] [remote] network-interface change detected; probing SSH controllers
2026-04-28 18:31:53 [info] [remote] network-interface change detected; probing SSH controllers
2026-04-28 19:25:58 [info] [remote] powerMonitor:unlock-screen; probing SSH controllers
2026-04-28 19:46:31 [info] [remote] network-interface change detected; probing SSH controllers
2026-04-28 19:49:58 [info] [remote] network-interface change detected; probing SSH controllers
2026-04-28 20:02:32 [info] [remote] powerMonitor:unlock-screen; probing SSH controllers
2026-04-28 20:12:37 [info] [remote] network-interface change detected; probing SSH controllers
2026-04-28 20:15:17 [info] [ClaudeSSHManager] Initialized with version <blob>
2026-04-28 20:23:19 [info] [remote] powerMonitor:unlock-screen; probing SSH controllers
2026-04-28 20:29:25 [info] [remote] powerMonitor:unlock-screen; probing SSH controllers
2026-04-28 20:32:13 [info] [remote] powerMonitor:unlock-screen; probing SSH controllers
2026-04-28 20:35:10 [info] [remote] powerMonitor:unlock-screen; probing SSH controllers
2026-04-28 20:35:15 [info] [remote] network-interface change detected; probing SSH controllers
2026-04-28 20:45:54 [info] [remote] powerMonitor:unlock-screen; probing SSH controllers
2026-04-28 21:53:11 [info] [ClaudeSSHManager] Initialized with version <blob>
2026-04-28 21:53:17 [info] [remote] network-interface change detected; probing SSH controllers
2026-04-28 21:53:20 [info] [remote] network-interface change detected; probing SSH controllers
2026-04-28 22:10:09 [info] [remote] powerMonitor:unlock-screen; probing SSH controllers
2026-04-29 09:11:12 [info] [ClaudeSSHManager] Initialized with version <blob>
2026-04-29 09:11:15 [info] [remote] network-interface change detected; probing SSH controllers
2026-04-29 09:11:18 [info] [remote] network-interface change detected; probing SSH controllers
2026-04-29 09:11:24 [info] [remote] network-interface change detected; probing SSH controllers
2026-04-29 09:12:03 [info] [remote] network-interface change detected; probing SSH controllers
2026-04-29 09:17:06 [info] [remote] network-interface change detected; probing SSH controllers
2026-04-29 10:02:12 [info] [remote] powerMonitor:unlock-screen; probing SSH controllers
2026-04-29 10:21:39 [info] [remote] powerMonitor:unlock-screen; probing SSH controllers
2026-04-29 10:32:47 [info] [remote] network-interface change detected; probing SSH controllers
2026-04-29 10:38:36 [info] [ClaudeSSHManager] Initialized with version <blob>
2026-04-29 11:51:11 [info] [ClaudeSSHManager] Initialized with version <blob>
2026-04-29 12:25:18 [info] [remote] network-interface change detected; probing SSH controllers
2026-04-29 12:25:51 [info] [remote] network-interface change detected; probing SSH controllers
2026-04-29 12:26:54 [info] [remote] network-interface change detected; probing SSH controllers
2026-04-29 13:59:12 [info] [remote] network-interface change detected; probing SSH controllers
2026-04-29 14:00:16 [info] [remote] powerMonitor:unlock-screen; probing SSH controllers
2026-04-29 14:00:21 [info] [remote] network-interface change detected; probing SSH controllers
2026-04-29 14:04:30 [info] [remote] network-interface change detected; probing SSH controllers
2026-04-29 15:08:29 [info] [remote] powerMonitor:unlock-screen; probing SSH controllers
2026-04-29 15:08:32 [info] [remote] network-interface change detected; probing SSH controllers
2026-04-29 15:49:21 [info] [remote] powerMonitor:unlock-screen; probing SSH controllers
2026-04-29 16:03:34 [info] [remote] powerMonitor:unlock-screen; probing SSH controllers
2026-04-29 16:22:15 [info] [remote] powerMonitor:unlock-screen; probing SSH controllers
2026-04-29 17:25:08 [info] [remote] powerMonitor:unlock-screen; probing SSH controllers
2026-04-29 17:33:51 [info] [remote] network-interface change detected; probing SSH controllers
2026-04-29 17:36:24 [info] [remote] network-interface change detected; probing SSH controllers
2026-04-29 17:59:16 [info] [remote] network-interface change detected; probing SSH controllers
2026-04-29 18:03:43 [info] [remote] network-interface change detected; probing SSH controllers
2026-04-29 18:04:52 [info] [remote] network-interface change detected; probing SSH controllers
2026-04-29 18:05:43 [info] [remote] powerMonitor:unlock-screen; probing SSH controllers
2026-04-29 18:05:46 [info] [remote] network-interface change detected; probing SSH controllers
2026-04-29 18:23:20 [info] [remote] network-interface change detected; probing SSH controllers
2026-04-29 18:30:59 [info] [remote] network-interface change detected; probing SSH controllers
2026-04-29 18:32:59 [info] [remote] network-interface change detected; probing SSH controllers
2026-04-29 18:44:09 [info] [remote] powerMonitor:unlock-screen; probing SSH controllers
2026-04-29 18:50:33 [info] [remote] network-interface change detected; probing SSH controllers
2026-04-29 19:04:51 [info] [remote] network-interface change detected; probing SSH controllers
2026-04-29 19:06:45 [info] [remote] network-interface change detected; probing SSH controllers
2026-04-29 19:16:11 [info] [remote] powerMonitor:unlock-screen; probing SSH controllers
2026-04-29 19:16:18 [info] [remote] network-interface change detected; probing SSH controllers
2026-04-29 19:19:15 [info] [remote] network-interface change detected; probing SSH controllers
2026-04-29 20:28:30 [info] [remote] powerMonitor:unlock-screen; probing SSH controllers
2026-04-29 20:58:03 [info] [remote] powerMonitor:unlock-screen; probing SSH controllers
2026-04-29 22:02:46 [info] [remote] powerMonitor:unlock-screen; probing SSH controllers
2026-04-29 22:02:50 [info] [remote] network-interface change detected; probing SSH controllers
2026-04-29 22:24:46 [info] [ClaudeSSHManager] Initialized with version <blob>
2026-04-29 23:01:48 [info] [remote] powerMonitor:unlock-screen; probing SSH controllers
2026-04-29 23:01:53 [info] [remote] network-interface change detected; probing SSH controllers
2026-04-29 23:19:20 [info] [remote] network-interface change detected; probing SSH controllers
2026-04-30 00:04:09 [info] [remote] powerMonitor:resume; probing SSH controllers
2026-04-30 00:04:11 [info] [remote] powerMonitor:unlock-screen; probing SSH controllers
2026-04-30 00:04:12 [info] [remote] network-interface change detected; probing SSH controllers
2026-04-30 00:04:42 [info] [remote] network-interface change detected; probing SSH controllers
2026-04-30 08:23:27 [info] [remote] powerMonitor:resume; probing SSH controllers
2026-04-30 08:23:30 [info] [remote] powerMonitor:unlock-screen; probing SSH controllers
2026-04-30 08:23:30 [info] [remote] network-interface change detected; probing SSH controllers
2026-04-30 08:23:39 [info] [remote] network-interface change detected; probing SSH controllers
2026-04-30 09:01:55 [info] [remote] powerMonitor:unlock-screen; probing SSH controllers
2026-04-30 09:13:16 [info] [remote] network-interface change detected; probing SSH controllers
2026-04-30 09:13:28 [info] [remote] network-interface change detected; probing SSH controllers
2026-04-30 09:14:44 [info] [remote] network-interface change detected; probing SSH controllers
2026-04-30 09:16:59 [info] [remote] network-interface change detected; probing SSH controllers
2026-04-30 10:39:58 [info] [remote] powerMonitor:unlock-screen; probing SSH controllers
2026-04-30 11:24:09 [info] [remote] powerMonitor:unlock-screen; probing SSH controllers
2026-04-30 11:24:11 [info] [remote] network-interface change detected; probing SSH controllers
2026-04-30 11:24:14 [info] [remote] network-interface change detected; probing SSH controllers
2026-04-30 11:24:32 [info] [remote] network-interface change detected; probing SSH controllers
2026-04-30 12:12:26 [info] [remote] powerMonitor:unlock-screen; probing SSH controllers
2026-04-30 12:40:31 [info] [remote] network-interface change detected; probing SSH controllers
2026-04-30 13:17:41 [info] [remote] network-interface change detected; probing SSH controllers
2026-04-30 13:17:53 [info] [remote] network-interface change detected; probing SSH controllers
2026-04-30 13:18:14 [info] [remote] network-interface change detected; probing SSH controllers
2026-04-30 13:18:50 [info] [remote] network-interface change detected; probing SSH controllers
2026-04-30 15:09:23 [info] [remote] network-interface change detected; probing SSH controllers
2026-04-30 15:14:47 [info] [remote] powerMonitor:unlock-screen; probing SSH controllers
2026-04-30 15:29:32 [info] [remote] powerMonitor:unlock-screen; probing SSH controllers
2026-04-30 15:46:48 [info] [remote] network-interface change detected; probing SSH controllers
2026-04-30 16:49:24 [info] [remote] powerMonitor:unlock-screen; probing SSH controllers
2026-04-30 17:46:25 [info] [remote] network-interface change detected; probing SSH controllers
2026-04-30 17:57:37 [info] [remote] powerMonitor:unlock-screen; probing SSH controllers
2026-04-30 18:07:49 [info] [remote] network-interface change detected; probing SSH controllers
2026-04-30 18:34:13 [info] [remote] powerMonitor:unlock-screen; probing SSH controllers
2026-04-30 18:38:59 [info] [remote] network-interface change detected; probing SSH controllers
2026-04-30 18:39:08 [info] [remote] network-interface change detected; probing SSH controllers
2026-04-30 19:01:42 [info] [remote] network-interface change detected; probing SSH controllers
2026-04-30 19:06:53 [info] [remote] powerMonitor:unlock-screen; probing SSH controllers
2026-04-30 19:10:33 [info] [remote] network-interface change detected; probing SSH controllers
2026-04-30 19:15:45 [info] [remote] network-interface change detected; probing SSH controllers
2026-04-30 19:17:46 [info] [remote] network-interface change detected; probing SSH controllers
2026-04-30 19:18:52 [info] [remote] network-interface change detected; probing SSH controllers
2026-04-30 19:20:07 [info] [remote] network-interface change detected; probing SSH controllers
2026-04-30 19:20:55 [info] [remote] network-interface change detected; probing SSH controllers
2026-04-30 19:40:52 [info] [remote] network-interface change detected; probing SSH controllers
2026-04-30 20:36:28 [info] [remote] network-interface change detected; probing SSH controllers
2026-04-30 20:38:10 [info] [remote] network-interface change detected; probing SSH controllers
2026-04-30 20:40:31 [info] [remote] network-interface change detected; probing SSH controllers
2026-04-30 20:41:31 [info] [remote] network-interface change detected; probing SSH controllers
2026-04-30 21:14:05 [info] [remote] network-interface change detected; probing SSH controllers
2026-04-30 21:25:44 [info] [remote] powerMonitor:unlock-screen; probing SSH controllers
2026-05-01 00:57:55 [info] [ClaudeSSHManager] Initialized with version <blob>
2026-05-01 00:57:58 [info] [remote] network-interface change detected; probing SSH controllers
2026-05-01 00:58:01 [info] [remote] network-interface change detected; probing SSH controllers
2026-05-01 00:58:07 [info] [remote] network-interface change detected; probing SSH controllers
2026-05-01 00:58:13 [info] [remote] network-interface change detected; probing SSH controllers
2026-05-01 00:58:34 [info] [remote] network-interface change detected; probing SSH controllers
2026-05-01 01:20:59 [info] [remote] network-interface change detected; probing SSH controllers
2026-05-01 09:45:09 [info] [remote] network-interface change detected; probing SSH controllers
2026-05-01 09:47:18 [info] [remote] network-interface change detected; probing SSH controllers
2026-05-01 09:47:57 [info] [remote] network-interface change detected; probing SSH controllers
2026-05-01 09:49:51 [info] [remote] network-interface change detected; probing SSH controllers
2026-05-01 09:50:22 [info] [remote] powerMonitor:resume; probing SSH controllers
2026-05-01 09:50:24 [info] [remote] powerMonitor:unlock-screen; probing SSH controllers
2026-05-01 09:50:25 [info] [remote] network-interface change detected; probing SSH controllers
2026-05-01 09:50:43 [info] [remote] network-interface change detected; probing SSH controllers
2026-05-01 09:51:25 [info] [remote] network-interface change detected; probing SSH controllers
2026-05-01 09:57:10 [info] [remote] network-interface change detected; probing SSH controllers
2026-05-01 10:06:43 [info] [remote] network-interface change detected; probing SSH controllers
2026-05-01 10:09:40 [info] [remote] network-interface change detected; probing SSH controllers
2026-05-01 10:12:07 [info] [remote] network-interface change detected; probing SSH controllers
2026-05-01 10:12:43 [info] [remote] network-interface change detected; probing SSH controllers
2026-05-01 10:13:28 [info] [remote] network-interface change detected; probing SSH controllers
2026-05-01 10:19:07 [info] [remote] network-interface change detected; probing SSH controllers
2026-05-01 10:21:25 [info] [remote] network-interface change detected; probing SSH controllers
2026-05-01 10:23:34 [info] [remote] network-interface change detected; probing SSH controllers
2026-05-01 10:25:52 [info] [remote] network-interface change detected; probing SSH controllers
2026-05-01 10:34:41 [info] [remote] network-interface change detected; probing SSH controllers
2026-05-01 10:35:35 [info] [remote] network-interface change detected; probing SSH controllers
2026-05-01 10:37:08 [info] [remote] network-interface change detected; probing SSH controllers
2026-05-01 11:43:26 [info] [remote] powerMonitor:unlock-screen; probing SSH controllers
2026-05-01 11:50:25 [info] [remote] network-interface change detected; probing SSH controllers
2026-05-01 12:37:02 [info] [remote] network-interface change detected; probing SSH controllers
2026-05-01 12:37:35 [info] [remote] network-interface change detected; probing SSH controllers
2026-05-01 14:34:27 [info] [ClaudeSSHManager] Initialized with version <blob>
2026-05-01 14:34:30 [info] [remote] network-interface change detected; probing SSH controllers
2026-05-01 14:34:36 [info] [remote] network-interface change detected; probing SSH controllers
2026-05-01 14:35:06 [info] [remote] network-interface change detected; probing SSH controllers
2026-05-01 15:19:26 [info] [remote] network-interface change detected; probing SSH controllers
2026-05-01 15:31:31 [info] [remote] powerMonitor:unlock-screen; probing SSH controllers
2026-05-01 15:43:47 [info] [remote] powerMonitor:unlock-screen; probing SSH controllers
2026-05-01 17:25:56 [info] [remote] powerMonitor:unlock-screen; probing SSH controllers
2026-05-01 17:28:39 [info] [remote] network-interface change detected; probing SSH controllers
2026-05-01 18:18:45 [info] [remote] powerMonitor:resume; probing SSH controllers
2026-05-01 18:18:47 [info] [remote] powerMonitor:unlock-screen; probing SSH controllers
2026-05-01 18:18:48 [info] [remote] network-interface change detected; probing SSH controllers
2026-05-01 18:19:06 [info] [remote] network-interface change detected; probing SSH controllers
2026-05-01 18:27:06 [info] [remote] network-interface change detected; probing SSH controllers
2026-05-02 07:23:59 [info] [ClaudeSSHManager] Initialized with version <blob>
2026-05-02 07:24:02 [info] [remote] network-interface change detected; probing SSH controllers
2026-05-02 07:24:05 [info] [remote] network-interface change detected; probing SSH controllers
2026-05-02 07:24:11 [info] [remote] network-interface change detected; probing SSH controllers
2026-05-02 07:24:14 [info] [remote] network-interface change detected; probing SSH controllers
2026-05-02 07:44:56 [info] [remote] network-interface change detected; probing SSH controllers
2026-05-02 07:56:08 [info] [remote] network-interface change detected; probing SSH controllers
2026-05-02 08:08:24 [info] [remote] powerMonitor:resume; probing SSH controllers
2026-05-02 08:08:27 [info] [remote] powerMonitor:unlock-screen; probing SSH controllers
2026-05-02 08:08:27 [info] [remote] network-interface change detected; probing SSH controllers
2026-05-02 08:08:36 [info] [remote] network-interface change detected; probing SSH controllers
2026-05-02 08:08:48 [info] [remote] network-interface change detected; probing SSH controllers
2026-05-02 11:28:31 [info] [ClaudeSSHManager] Initialized with version <blob>
2026-05-02 11:28:34 [info] [remote] network-interface change detected; probing SSH controllers
2026-05-02 11:28:37 [info] [remote] network-interface change detected; probing SSH controllers
2026-05-02 11:28:40 [info] [remote] network-interface change detected; probing SSH controllers
2026-05-02 11:28:50 [info] [remote] network-interface change detected; probing SSH controllers
2026-05-02 12:06:38 [info] [remote] network-interface change detected; probing SSH controllers
2026-05-02 12:07:21 [info] [remote] powerMonitor:unlock-screen; probing SSH controllers
2026-05-02 12:08:41 [info] [remote] network-interface change detected; probing SSH controllers
2026-05-02 12:11:44 [info] [remote] powerMonitor:unlock-screen; probing SSH controllers
2026-05-02 12:18:15 [info] [remote] network-interface change detected; probing SSH controllers
2026-05-02 12:19:49 [info] [remote] powerMonitor:unlock-screen; probing SSH controllers
2026-05-02 12:19:54 [info] [remote] network-interface change detected; probing SSH controllers
2026-05-02 12:21:06 [info] [remote] network-interface change detected; probing SSH controllers
2026-05-02 12:22:12 [info] [remote] network-interface change detected; probing SSH controllers
2026-05-02 12:24:38 [info] [remote] powerMonitor:unlock-screen; probing SSH controllers
2026-05-02 12:25:12 [info] [remote] network-interface change detected; probing SSH controllers
2026-05-02 12:33:00 [info] [remote] network-interface change detected; probing SSH controllers
2026-05-02 12:38:55 [info] [remote] powerMonitor:unlock-screen; probing SSH controllers
2026-05-02 12:52:22 [info] [remote] powerMonitor:unlock-screen; probing SSH controllers
2026-05-02 13:54:01 [info] [remote] powerMonitor:unlock-screen; probing SSH controllers
2026-05-02 14:23:57 [info] [remote] powerMonitor:unlock-screen; probing SSH controllers
2026-05-02 14:31:48 [info] [remote] network-interface change detected; probing SSH controllers
2026-05-02 14:36:01 [info] [remote] powerMonitor:unlock-screen; probing SSH controllers
2026-05-02 14:57:37 [info] [remote] powerMonitor:unlock-screen; probing SSH controllers
2026-05-02 18:06:05 [info] [ClaudeSSHManager] Initialized with version <blob>
2026-05-02 18:06:08 [info] [remote] network-interface change detected; probing SSH controllers
2026-05-02 18:06:11 [info] [remote] network-interface change detected; probing SSH controllers
2026-05-02 18:06:14 [info] [remote] network-interface change detected; probing SSH controllers
2026-05-02 18:06:16 [info] [remote] network-interface change detected; probing SSH controllers
2026-05-02 18:06:58 [info] [remote] network-interface change detected; probing SSH controllers
2026-05-02 18:07:34 [info] [remote] network-interface change detected; probing SSH controllers
2026-05-02 18:12:59 [info] [remote] network-interface change detected; probing SSH controllers
2026-05-02 21:07:59 [info] [remote] powerMonitor:resume; probing SSH controllers
2026-05-02 21:08:01 [info] [remote] powerMonitor:unlock-screen; probing SSH controllers
2026-05-02 21:08:02 [info] [remote] network-interface change detected; probing SSH controllers
2026-05-02 21:08:05 [info] [remote] network-interface change detected; probing SSH controllers
2026-05-02 21:13:03 [info] [remote] powerMonitor:unlock-screen; probing SSH controllers
2026-05-02 22:18:48 [info] [remote] powerMonitor:unlock-screen; probing SSH controllers
2026-05-03 11:54:39 [info] [ClaudeSSHManager] Initialized with version <blob>
2026-05-03 11:54:42 [info] [remote] network-interface change detected; probing SSH controllers
2026-05-03 11:54:45 [info] [remote] network-interface change detected; probing SSH controllers
2026-05-03 11:54:47 [info] [remote] network-interface change detected; probing SSH controllers
2026-05-03 11:55:02 [info] [remote] network-interface change detected; probing SSH controllers
2026-05-03 12:13:13 [info] [remote] powerMonitor:unlock-screen; probing SSH controllers
2026-05-03 12:26:21 [info] [remote] powerMonitor:unlock-screen; probing SSH controllers
2026-05-03 12:32:18 [info] [remote] powerMonitor:unlock-screen; probing SSH controllers
2026-05-03 12:37:46 [info] [remote] network-interface change detected; probing SSH controllers
2026-05-04 09:48:16 [info] [ClaudeSSHManager] Initialized with version <blob>
2026-05-04 09:48:20 [info] [remote] network-interface change detected; probing SSH controllers
2026-05-04 09:48:26 [info] [remote] network-interface change detected; probing SSH controllers
2026-05-04 09:48:28 [info] [remote] network-interface change detected; probing SSH controllers
2026-05-04 10:02:13 [info] [remote] network-interface change detected; probing SSH controllers
2026-05-04 10:10:35 [info] [remote] powerMonitor:unlock-screen; probing SSH controllers
2026-05-04 11:06:32 [info] [remote] powerMonitor:unlock-screen; probing SSH controllers
2026-05-04 12:53:42 [info] [remote] network-interface change detected; probing SSH controllers
2026-05-04 14:34:06 [info] [remote] powerMonitor:unlock-screen; probing SSH controllers
2026-05-04 14:34:09 [info] [remote] network-interface change detected; probing SSH controllers
2026-05-04 14:50:07 [info] [remote] network-interface change detected; probing SSH controllers
2026-05-04 14:50:13 [info] [remote] network-interface change detected; probing SSH controllers
2026-05-04 14:50:16 [info] [remote] network-interface change detected; probing SSH controllers
2026-05-04 15:01:10 [info] [remote] network-interface change detected; probing SSH controllers
2026-05-04 16:12:37 [info] [remote] powerMonitor:unlock-screen; probing SSH controllers
2026-05-04 16:12:37 [info] [remote] powerMonitor:unlock-screen; probing SSH controllers
2026-05-04 16:59:37 [info] [remote] network-interface change detected; probing SSH controllers
2026-05-04 16:59:40 [info] [remote] network-interface change detected; probing SSH controllers
2026-05-04 18:01:44 [info] [remote] network-interface change detected; probing SSH controllers
2026-05-04 18:09:02 [info] [remote] network-interface change detected; probing SSH controllers
2026-05-04 18:19:09 [info] [remote] network-interface change detected; probing SSH controllers
2026-05-04 18:30:33 [info] [remote] network-interface change detected; probing SSH controllers
2026-05-04 18:31:36 [info] [remote] network-interface change detected; probing SSH controllers
2026-05-04 18:50:39 [info] [remote] network-interface change detected; probing SSH controllers
2026-05-05 08:44:36 [info] [ClaudeSSHManager] Initialized with version <blob>
2026-05-05 08:44:39 [info] [remote] network-interface change detected; probing SSH controllers
2026-05-05 08:44:45 [info] [remote] network-interface change detected; probing SSH controllers
2026-05-05 08:44:47 [info] [remote] network-interface change detected; probing SSH controllers
2026-05-05 08:44:53 [info] [remote] network-interface change detected; probing SSH controllers
2026-05-05 09:09:24 [info] [remote] powerMonitor:unlock-screen; probing SSH controllers
2026-05-05 09:32:00 [info] [remote] powerMonitor:unlock-screen; probing SSH controllers
2026-05-05 10:10:55 [info] [remote] powerMonitor:unlock-screen; probing SSH controllers
2026-05-05 10:49:01 [info] [remote] powerMonitor:unlock-screen; probing SSH controllers
2026-05-05 11:11:39 [info] [remote] network-interface change detected; probing SSH controllers
2026-05-05 11:21:07 [info] [remote] network-interface change detected; probing SSH controllers
2026-05-05 11:22:13 [info] [remote] network-interface change detected; probing SSH controllers
2026-05-05 11:24:58 [info] [remote] network-interface change detected; probing SSH controllers
2026-05-05 11:42:37 [info] [remote] network-interface change detected; probing SSH controllers
2026-05-05 11:43:19 [info] [remote] network-interface change detected; probing SSH controllers
2026-05-05 11:43:52 [info] [remote] network-interface change detected; probing SSH controllers
2026-05-05 11:51:23 [info] [remote] powerMonitor:unlock-screen; probing SSH controllers
2026-05-05 11:52:29 [info] [remote] network-interface change detected; probing SSH controllers
2026-05-05 12:21:52 [info] [remote] powerMonitor:unlock-screen; probing SSH controllers
2026-05-05 19:14:03 [info] [ClaudeSSHManager] Initialized with version <blob>
2026-05-05 19:14:06 [info] [remote] network-interface change detected; probing SSH controllers
2026-05-05 19:14:09 [info] [remote] network-interface change detected; probing SSH controllers
2026-05-05 19:14:12 [info] [remote] network-interface change detected; probing SSH controllers
2026-05-05 19:14:15 [info] [remote] network-interface change detected; probing SSH controllers
2026-05-05 19:14:54 [info] [remote] network-interface change detected; probing SSH controllers
2026-05-05 19:20:51 [info] [remote] network-interface change detected; probing SSH controllers
2026-05-05 19:24:41 [info] [remote] powerMonitor:unlock-screen; probing SSH controllers
2026-05-05 19:29:15 [info] [remote] network-interface change detected; probing SSH controllers
2026-05-05 19:29:18 [info] [remote] network-interface change detected; probing SSH controllers
2026-05-05 19:33:48 [info] [remote] network-interface change detected; probing SSH controllers
2026-05-05 19:36:24 [info] [remote] network-interface change detected; probing SSH controllers
2026-05-05 19:38:25 [info] [remote] network-interface change detected; probing SSH controllers
2026-05-05 19:44:40 [info] [remote] network-interface change detected; probing SSH controllers
2026-05-05 19:45:43 [info] [remote] network-interface change detected; probing SSH controllers
2026-05-05 19:45:52 [info] [remote] network-interface change detected; probing SSH controllers
2026-05-05 19:55:26 [info] [remote] powerMonitor:unlock-screen; probing SSH controllers
2026-05-05 20:00:50 [info] [remote] powerMonitor:unlock-screen; probing SSH controllers
2026-05-05 20:06:25 [info] [remote] network-interface change detected; probing SSH controllers
2026-05-05 20:19:16 [info] [remote] powerMonitor:unlock-screen; probing SSH controllers
2026-05-05 20:48:54 [info] [remote] network-interface change detected; probing SSH controllers
2026-05-06 07:08:07 [info] [remote] powerMonitor:resume; probing SSH controllers
2026-05-06 07:08:10 [info] [remote] network-interface change detected; probing SSH controllers
2026-05-06 07:08:19 [info] [remote] network-interface change detected; probing SSH controllers
2026-05-06 08:31:19 [info] [remote] powerMonitor:resume; probing SSH controllers
2026-05-06 08:31:21 [info] [remote] powerMonitor:unlock-screen; probing SSH controllers
2026-05-06 08:31:22 [info] [remote] network-interface change detected; probing SSH controllers
2026-05-06 08:31:25 [info] [remote] network-interface change detected; probing SSH controllers
2026-05-06 11:08:47 [info] [ClaudeSSHManager] Initialized with version <blob>
2026-05-06 11:08:50 [info] [remote] network-interface change detected; probing SSH controllers
2026-05-06 11:09:02 [info] [remote] network-interface change detected; probing SSH controllers
2026-05-06 11:09:59 [info] [remote] network-interface change detected; probing SSH controllers
2026-05-06 11:10:35 [info] [remote] network-interface change detected; probing SSH controllers
2026-05-06 11:37:39 [info] [remote] powerMonitor:unlock-screen; probing SSH controllers
2026-05-06 12:05:30 [info] [remote] powerMonitor:unlock-screen; probing SSH controllers
2026-05-06 14:50:54 [info] [ClaudeSSHManager] Initialized with version <blob>
2026-05-06 15:13:37 [info] [remote] network-interface change detected; probing SSH controllers
2026-05-06 15:30:10 [info] [remote] powerMonitor:unlock-screen; probing SSH controllers
2026-05-06 15:52:02 [info] [remote] network-interface change detected; probing SSH controllers
2026-05-06 18:41:51 [info] [remote] powerMonitor:resume; probing SSH controllers
2026-05-06 18:41:53 [info] [remote] powerMonitor:unlock-screen; probing SSH controllers
2026-05-06 18:41:55 [info] [remote] network-interface change detected; probing SSH controllers
2026-05-06 18:41:58 [info] [remote] network-interface change detected; probing SSH controllers
2026-05-06 18:42:10 [info] [ClaudeSSHManager] Initialized with version <blob>
2026-05-07 14:31:03 [info] [ClaudeSSHManager] Initialized with version <blob>
2026-05-07 14:31:07 [info] [remote] network-interface change detected; probing SSH controllers
2026-05-07 14:31:14 [info] [remote] network-interface change detected; probing SSH controllers
2026-05-07 14:31:17 [info] [remote] network-interface change detected; probing SSH controllers
2026-05-07 14:31:20 [info] [remote] network-interface change detected; probing SSH controllers
2026-05-07 14:32:02 [info] [remote] network-interface change detected; probing SSH controllers
2026-05-07 14:32:14 [info] [remote] network-interface change detected; probing SSH controllers
2026-05-07 14:34:53 [info] [remote] network-interface change detected; probing SSH controllers
2026-05-07 14:38:00 [info] [remote] powerMonitor:unlock-screen; probing SSH controllers
2026-05-07 14:39:29 [info] [remote] network-interface change detected; probing SSH controllers
2026-05-07 14:41:44 [info] [remote] network-interface change detected; probing SSH controllers
2026-05-07 14:51:31 [info] [remote] network-interface change detected; probing SSH controllers
2026-05-07 14:53:37 [info] [remote] network-interface change detected; probing SSH controllers
2026-05-07 14:57:31 [info] [remote] powerMonitor:unlock-screen; probing SSH controllers
2026-05-07 14:57:34 [info] [remote] network-interface change detected; probing SSH controllers
2026-05-07 15:25:53 [info] [remote] powerMonitor:unlock-screen; probing SSH controllers
2026-05-07 15:33:48 [info] [remote] powerMonitor:unlock-screen; probing SSH controllers
2026-05-07 15:33:53 [info] [remote] network-interface change detected; probing SSH controllers
2026-05-07 15:55:18 [info] [remote] network-interface change detected; probing SSH controllers
2026-05-07 15:55:42 [info] [remote] network-interface change detected; probing SSH controllers
2026-05-07 15:56:18 [info] [remote] network-interface change detected; probing SSH controllers
2026-05-07 15:58:09 [info] [remote] network-interface change detected; probing SSH controllers
2026-05-07 15:58:42 [info] [remote] network-interface change detected; probing SSH controllers
2026-05-08 10:36:24 [info] [ClaudeSSHManager] Initialized with version <blob>
2026-05-08 10:36:30 [info] [remote] network-interface change detected; probing SSH controllers
2026-05-08 10:36:33 [info] [remote] network-interface change detected; probing SSH controllers
2026-05-08 10:36:45 [info] [remote] network-interface change detected; probing SSH controllers
2026-05-08 10:37:08 [info] [remote] network-interface change detected; probing SSH controllers
2026-05-08 10:38:59 [info] [remote] powerMonitor:unlock-screen; probing SSH controllers
2026-05-08 10:42:44 [info] [remote] network-interface change detected; probing SSH controllers
2026-05-08 10:44:38 [info] [remote] network-interface change detected; probing SSH controllers
2026-05-08 10:45:14 [info] [remote] network-interface change detected; probing SSH controllers
2026-05-08 10:46:00 [info] [remote] powerMonitor:unlock-screen; probing SSH controllers
2026-05-08 10:49:45 [info] [remote] network-interface change detected; probing SSH controllers
2026-05-08 10:49:48 [info] [remote] network-interface change detected; probing SSH controllers
2026-05-08 10:50:51 [info] [remote] network-interface change detected; probing SSH controllers
2026-05-08 10:51:24 [info] [remote] network-interface change detected; probing SSH controllers
2026-05-08 10:52:18 [info] [remote] network-interface change detected; probing SSH controllers
2026-05-08 10:52:57 [info] [remote] network-interface change detected; probing SSH controllers
2026-05-08 10:53:00 [info] [remote] network-interface change detected; probing SSH controllers
2026-05-08 10:53:03 [info] [remote] network-interface change detected; probing SSH controllers
2026-05-08 10:54:21 [info] [remote] network-interface change detected; probing SSH controllers
2026-05-08 11:07:40 [info] [remote] network-interface change detected; probing SSH controllers
2026-05-08 11:22:55 [info] [remote] network-interface change detected; probing SSH controllers
2026-05-08 11:24:10 [info] [remote] network-interface change detected; probing SSH controllers
2026-05-08 11:26:58 [info] [remote] network-interface change detected; probing SSH controllers
2026-05-08 11:38:08 [info] [remote] network-interface change detected; probing SSH controllers
2026-05-08 11:39:56 [info] [remote] network-interface change detected; probing SSH controllers
2026-05-08 11:40:35 [info] [remote] network-interface change detected; probing SSH controllers
2026-05-08 13:12:29 [info] [remote] powerMonitor:unlock-screen; probing SSH controllers
2026-05-08 13:12:42 [info] [ClaudeSSHManager] Initialized with version <blob>
2026-05-08 13:20:22 [info] [remote] powerMonitor:unlock-screen; probing SSH controllers
2026-05-08 13:27:31 [info] [remote] network-interface change detected; probing SSH controllers
2026-05-08 15:24:17 [info] [remote] network-interface change detected; probing SSH controllers
2026-05-08 15:36:18 [info] [remote] network-interface change detected; probing SSH controllers
2026-05-08 19:23:36 [info] [remote] network-interface change detected; probing SSH controllers
2026-05-08 19:25:30 [info] [remote] network-interface change detected; probing SSH controllers
2026-05-08 19:32:42 [info] [remote] network-interface change detected; probing SSH controllers
2026-05-08 19:41:18 [info] [remote] network-interface change detected; probing SSH controllers
2026-05-08 19:52:52 [info] [remote] network-interface change detected; probing SSH controllers
2026-05-08 20:10:28 [info] [remote] network-interface change detected; probing SSH controllers
2026-05-08 20:29:47 [info] [remote] network-interface change detected; probing SSH controllers
2026-05-08 20:44:03 [info] [remote] network-interface change detected; probing SSH controllers
2026-05-08 20:56:51 [info] [remote] network-interface change detected; probing SSH controllers
2026-05-08 21:17:22 [info] [remote] network-interface change detected; probing SSH controllers
2026-05-08 21:50:26 [info] [remote] network-interface change detected; probing SSH controllers
2026-05-08 21:50:52 [info] [remote] powerMonitor:resume; probing SSH controllers
2026-05-08 21:50:54 [info] [remote] powerMonitor:unlock-screen; probing SSH controllers
2026-05-08 21:50:55 [info] [remote] network-interface change detected; probing SSH controllers
2026-05-08 21:51:01 [info] [remote] network-interface change detected; probing SSH controllers
2026-05-08 21:53:44 [info] [ClaudeSSHManager] Initialized with version <blob>
2026-05-08 21:53:55 [info] [ClaudeSSHManager] Initialized with version <blob>
2026-05-08 21:54:15 [info] [ClaudeSSHManager] Initialized with version <blob>
2026-05-08 22:15:15 [info] [remote] network-interface change detected; probing SSH controllers
2026-05-08 22:18:28 [info] [remote] network-interface change detected; probing SSH controllers
2026-05-08 22:27:10 [info] [remote] network-interface change detected; probing SSH controllers
